#1 [internal] load local bake definitions
#1 reading from stdin 1.27kB done
#1 DONE 0.0s

#2 [internal] load build definition from Dockerfile
#2 transferring dockerfile: 1.02kB done
#2 DONE 0.0s

#3 [internal] load metadata for docker.io/library/node:22-alpine
#3 DONE 1.0s

#4 [internal] load .dockerignore
#4 transferring context: 115B done
#4 DONE 0.0s

#5 [builder 1/9] FROM docker.io/library/node:22-alpine@sha256:e58326d0d441090181ac150dc2078d3e2cf6a0d42e809aebba3ef5880935ffdd
#5 resolve docker.io/library/node:22-alpine@sha256:e58326d0d441090181ac150dc2078d3e2cf6a0d42e809aebba3ef5880935ffdd 0.0s done
#5 DONE 0.0s

#6 [builder 2/9] WORKDIR /app
#6 CACHED

#7 [internal] load build context
#7 transferring context: 30.02kB 0.1s done
#7 DONE 0.1s

#8 [runner 3/8] RUN apk add --no-cache openssl
#8 ...

#9 [builder 3/9] RUN apk add --no-cache openssl python3 make g++
#9 46.12 ( 1/31) Installing libstdc++-dev (15.2.0-r5)
#9 145.9 ( 2/31) Installing jansson (2.15.0-r0)
#9 147.1 ( 3/31) Installing zstd-libs (1.5.7-r2)
#9 155.1 ( 4/31) Installing binutils (2.45.1-r1)
#9 213.8 ( 5/31) Installing libgcc-static (15.2.0-r5)
#9 249.8 ( 6/31) Installing libgomp (15.2.0-r5)
#9 255.4 ( 7/31) Installing libatomic (15.2.0-r5)
#9 255.8 ( 8/31) Installing gmp (6.3.0-r4)
#9 259.5 ( 9/31) Installing isl26 (0.26-r2)
#9 275.5 (10/31) Installing mpfr4 (4.2.2-r0)
#9 282.9 (11/31) Installing mpc1 (1.3.1-r1)
#9 284.3 (12/31) Installing gcc (15.2.0-r5)
#9 ...

#8 [runner 3/8] RUN apk add --no-cache openssl
#8 460.8 (1/1) Installing openssl (3.5.7-r0)
#8 528.2 Executing busybox-1.37.0-r31.trigger
#8 528.2 OK: 11.6 MiB in 19 packages
#8 DONE 528.3s

#9 [builder 3/9] RUN apk add --no-cache openssl python3 make g++
